## Expand Astra ontology-generation completion capacity

Context: Large Ecommerce ontology generations exhausted the previous 8,192-token completion budget and repeatedly failed with `finish_reason=length`. After switching to Astra, Chat Completions rejected its generic tool/temperature parameters and a prose placeholder was incorrectly reported as a successful zero-class ontology.

1. `src/agents/agent_owl_generator/engine.py` — Use Astra's validated 128,000-token completion limit and a 600-second timeout while retaining conservative defaults for other endpoints.
2. `src/agents/engine_base.py` — Send Astra-compatible Chat Completions payloads: omit `temperature` and set `reasoning_effort=none` when function tools are present.
3. `src/agents/agent_owl_generator/engine.py` — Reject and retry prose/placeholder responses that are not Turtle.
4. `src/api/routers/internal/ontology.py` — Mark zero-class generation output failed instead of completing the UI task.
5. Tests — Cover Astra payload compatibility, non-Turtle retries, and accurate async task failure reporting.
6. `.planning/agents/agent_owl_generator/SPEC.md` — Document the endpoint-specific generation limits and truncation mitigation.

Modified files:
- `src/agents/agent_owl_generator/engine.py`
- `src/agents/engine_base.py`
- `src/api/routers/internal/ontology.py`
- `tests/units/agents/test_agent_engine_base.py`
- `tests/units/agents/test_agent_owl_generator_truncation.py`
- `tests/units/api/test_routes.py`
- `.planning/agents/agent_owl_generator/SPEC.md`
- `changelogs/v0.8.0/nehmetohmedb_2026-09-16.log`

Test result: `5854 passed, 316 skipped, 6 deselected` (`pytest -q -m "not scenario"`); focused Astra/task regression suite: `30 passed`.

## Avoid false Lakebase CAN_USE repair warnings

Context: The deployed app service principal can use its Lakebase project but cannot mutate the project ACL without CAN_MANAGE. The in-app repair action therefore displayed a failed re-grant warning even though CAN_USE was already operational.

1. `src/back/core/databricks/lakebase/grants.py` — Probe project branch access before attempting an ACL mutation and report existing usable access as granted.
2. `tests/units/settings/test_lakebase_provision.py` — Cover existing access, successful ACL fallback, failed ACL fallback, and canonical project-name probing.

Modified files:
- `src/back/core/databricks/lakebase/grants.py`
- `tests/units/settings/test_lakebase_provision.py`
- `changelogs/v0.8.0/nehmetohme_2026-09-16.log`

Test result: `5857 passed, 316 skipped, 6 deselected` (`uv run --frozen pytest -q -m "not scenario"`); focused Lakebase provision suite: `16 passed`.

## Fix Astra Chat Completions ontology generation

Context: Astra rejected ontology-generation requests before inference because its Chat Completions transport cannot combine function tools with a supported reasoning effort. The generic HTTP 400 fallback then retried without schema context and surfaced a misleading invalid-Turtle error.

1. `src/agents/engine_base.py` — Use low reasoning effort for Astra direct requests, omit temperature, and expose parameter-specific compatibility checks.
2. `src/agents/agent_owl_generator/engine.py` — Route Astra through direct-context mode with bounded embedded metadata and only disable tools for explicit tool-parameter rejection errors.
3. `tests/units/agents/test_agent_engine_base.py` — Cover Astra's supported direct payload and the retry path when reasoning effort is rejected.
4. `tests/units/agents/test_agent_owl_generator_truncation.py` — Cover Astra metadata grounding without Chat Completions tools and prevent unrelated HTTP 400 errors from triggering direct fallback.
5. `tests/eval/datasets/agent_owl_generator/regression.jsonl` — Add three Astra transport and error-routing regression cases.
6. `.planning/agents/agent_owl_generator/SPEC.md` — Document the transport constraint, direct-context mitigation, tool surface, and success criteria.

Modified files:
- `src/agents/engine_base.py`
- `src/agents/agent_owl_generator/engine.py`
- `tests/units/agents/test_agent_engine_base.py`
- `tests/units/agents/test_agent_owl_generator_truncation.py`
- `tests/eval/datasets/agent_owl_generator/regression.jsonl`
- `.planning/agents/agent_owl_generator/SPEC.md`
- `changelogs/v0.8.0/nehmetohme_2026-09-16.log`

Test result: `5860 passed, 316 skipped, 6 deselected` (`uv run --frozen pytest -q -m "not scenario"`); focused agent suite: `311 passed`; live Astra transport check accepted `reasoning_effort=low` without Chat Completions tools.
